episode: assets/anime/ep0-first-light.mpg not found locally, skipping
music: assets/music/kings_of_nowhere.mp3 not found locally, skipping
LAUNCH: triggering ep 0 + music
music: assets/music/vector_miners_epoch_2.mp3 not found locally, skipping
episode: assets/anime/ep2-furnace.mpg not found locally, skipping
music: assets/music/vector_economy_2.mp3 not found locally, skipping
LAUNCH: triggering ep 0 + music
music: assets/music/vector_economy.mp3 not found locally, skipping
episode: assets/anime/ep9-death.mpg not found locally, skipping
music: assets/music/vacuum_in_my_lungs_2.mp3 not found locally, skipping
episode: assets/anime/ep0-first-light.mpg not found locally, skipping
music: assets/music/kings_of_nowhere_2.mp3 not found locally, skipping
LAUNCH: triggering ep 0 + music
music: assets/music/vector_economy_2.mp3 not found locally, skipping
music: assets/music/vector_economy.mp3 not found locally, skipping
LAUNCH: triggering ep 0 + music
music: assets/music/vector_veins_80s.mp3 not found locally, skipping
episode: assets/anime/ep9-death.mpg not found locally, skipping
music: assets/music/vacuum_in_my_lungs_2.mp3 not found locally, skipping
[neural] brain loaded (9015 bytes)
[avatar] loaded portrait 64x64 for 'prospect'
